// Jest Snapshot v1, https://goo.gl/fbAQLP

exports[`renders correctly 1`] = `
<body>
  <div>
    <footer
      class="card-footer"
    >
      <button
        class="button is-success card-footer-item"
        type="button"
      >
        <span>
          <i
            class="far fa-eye"
          />
           View
        </span>
      </button>
      <button
        class="button is-warning card-footer-item"
        type="button"
      >
        <span>
          <i
            class="fas fa-code-branch"
          />
           Fork
        </span>
      </button>
    </footer>
  </div>
</body>
`;
